[    0.000000] Initializing cgroup subsys cpuset
[    0.000000] Initializing cgroup subsys cpu
[    0.000000] Initializing cgroup subsys cpuacct
[    0.000000] Linux version 4.4.0-72-generic (buildd@lcy01-26) (gcc version 5.4.0 20160609 (Ubuntu 5.4.0-6ubuntu1~16.04.4) ) #93-Ubuntu SMP Fri Mar 31 14:07:23 UTC 2017 (Ubuntu 4.4.0-72.93-generic 4.4.49)
[    0.000000] KERNEL supported cpus:
[    0.000000]   Intel GenuineIntel
[    0.000000]   AMD AuthenticAMD
[    0.000000]   NSC Geode by NSC
[    0.000000]   Cyrix CyrixInstead
[    0.000000]   Centaur CentaurHauls
[    0.000000]   Transmeta GenuineTMx86
[    0.000000]   Transmeta TransmetaCPU
[    0.000000]   UMC UMC UMC UMC
[    0.000000] x86/fpu: xstate_offset[2]:  576, xstate_sizes[2]:  256
[    0.000000] x86/fpu: Supporting XSAVE feature 0x01: 'x87 floating point registers'
[    0.000000] x86/fpu: Supporting XSAVE feature 0x02: 'SSE registers'
[    0.000000] x86/fpu: Supporting XSAVE feature 0x04: 'AVX registers'
[    0.000000] x86/fpu: Enabled xstate features 0x7, context size is 832 bytes, using 'standard' format.
[    0.000000] x86/fpu: Using 'lazy' FPU context switches.
[    0.000000] e820: BIOS-provided physical RAM map:
[    0.000000] BIOS-e820: [mem 0x0000000000000000-0x000000000009fbff] usable
[    0.000000] BIOS-e820: [mem 0x000000000009fc00-0x000000000009ffff] reserved
[    0.000000] BIOS-e820: [mem 0x00000000000f0000-0x00000000000fffff] reserved
[    0.000000] BIOS-e820: [mem 0x0000000000100000-0x000000003ffeffff] usable
[    0.000000] BIOS-e820: [mem 0x000000003fff0000-0x000000003fffffff] ACPI data
[    0.000000] BIOS-e820: [mem 0x00000000fec00000-0x00000000fec00fff] reserved
[    0.000000] BIOS-e820: [mem 0x00000000fee00000-0x00000000fee00fff] reserved
[    0.000000] BIOS-e820: [mem 0x00000000fffc0000-0x00000000ffffffff] reserved
[    0.000000] NX (Execute Disable) protection: active
[    0.000000] SMBIOS 2.5 present.
[    0.000000] Hypervisor detected: KVM
[    0.000000] e820: last_pfn = 0x3fff0 max_arch_pfn = 0x1000000
[    0.000000] MTRR: Disabled
[    0.000000] x86/PAT: MTRRs disabled, skipping PAT initialization too.
[    0.000000] x86/PAT: Configuration [0-7]: WB  WT  UC- UC  WB  WT  UC- UC  
[    0.000000] CPU MTRRs all blank - virtualized system.
[    0.000000] found SMP MP-table at [mem 0x0009fff0-0x0009ffff] mapped at [c009fff0]
[    0.000000] Scanning 1 areas for low memory corruption
[    0.000000] RAMDISK: [mem 0x3635c000-0x371a5fff]
[    0.000000] ACPI: Early table checksum verification disabled
[    0.000000] ACPI: RSDP 0x00000000000E0000 000024 (v02 VBOX  )
[    0.000000] ACPI: XSDT 0x000000003FFF0030 00003C (v01 VBOX   VBOXXSDT 00000001 ASL  00000061)
[    0.000000] ACPI: FACP 0x000000003FFF00F0 0000F4 (v04 VBOX   VBOXFACP 00000001 ASL  00000061)
[    0.000000] ACPI: DSDT 0x000000003FFF0470 00210F (v01 VBOX   VBOXBIOS 00000002 INTL 20100528)
[    0.000000] ACPI: FACS 0x000000003FFF0200 000040
[    0.000000] ACPI: FACS 0x000000003FFF0200 000040
[    0.000000] ACPI: APIC 0x000000003FFF0240 00005C (v02 VBOX   VBOXAPIC 00000001 ASL  00000061)
[    0.000000] ACPI: SSDT 0x000000003FFF02A0 0001CC (v01 VBOX   VBOXCPUT 00000002 INTL 20100528)
[    0.000000] 131MB HIGHMEM available.
[    0.000000] 891MB LOWMEM available.
[    0.000000]   mapped low ram: 0 - 37bfe000
[    0.000000]   low ram: 0 - 37bfe000
[    0.000000] kvm-clock: Using msrs 4b564d01 and 4b564d00
[    0.000000] kvm-clock: cpu 0, msr 0:37bfd001, primary cpu clock
[    0.000000] kvm-clock: using sched offset of 4724138368 cycles
[    0.000000] clocksource: kvm-clock: mask: 0xffffffffffffffff max_cycles: 0x1cd42e4dffb, max_idle_ns: 881590591483 ns
[    0.000000] Zone ranges:
[    0.000000]   DMA      [mem 0x0000000000001000-0x0000000000ffffff]
[    0.000000]   Normal   [mem 0x0000000001000000-0x0000000037bfdfff]
[    0.000000]   HighMem  [mem 0x0000000037bfe000-0x000000003ffeffff]
[    0.000000] Movable zone start for each node
[    0.000000] Early memory node ranges
[    0.000000]   node   0: [mem 0x0000000000001000-0x000000000009efff]
[    0.000000]   node   0: [mem 0x0000000000100000-0x000000003ffeffff]
[    0.000000] Initmem setup node 0 [mem 0x0000000000001000-0x000000003ffeffff]
[    0.000000] Using APIC driver default
[    0.000000] ACPI: PM-Timer IO Port: 0x4008
[    0.000000] IOAPIC[0]: apic_id 2, version 32, address 0xfec00000, GSI 0-23
[    0.000000] ACPI: INT_SRC_OVR (bus 0 bus_irq 0 global_irq 2 dfl dfl)
[    0.000000] ACPI: INT_SRC_OVR (bus 0 bus_irq 9 global_irq 9 high level)
[    0.000000] Using ACPI (MADT) for SMP configuration information
[    0.000000] smpboot: Allowing 2 CPUs, 0 hotplug CPUs
[    0.000000] PM: Registered nosave memory: [mem 0x00000000-0x00000fff]
[    0.000000] PM: Registered nosave memory: [mem 0x0009f000-0x0009ffff]
[    0.000000] PM: Registered nosave memory: [mem 0x000a0000-0x000effff]
[    0.000000] PM: Registered nosave memory: [mem 0x000f0000-0x000fffff]
[    0.000000] e820: [mem 0x40000000-0xfebfffff] available for PCI devices
[    0.000000] Booting paravirtualized kernel on KVM
[    0.000000] clocksource: refined-jiffies: mask: 0xffffffff max_cycles: 0xffffffff, max_idle_ns: 7645519600211568 ns
[    0.000000] setup_percpu: NR_CPUS:8 nr_cpumask_bits:8 nr_cpu_ids:2 nr_node_ids:1
[    0.000000] PERCPU: Embedded 19 pages/cpu @f71b0000 s47436 r0 d30388 u77824
[    0.000000] PV qspinlock hash table entries: 512 (order: 0, 4096 bytes)
[    0.000000] Built 1 zonelists in Zone order, mobility grouping on.  Total pages: 259800
[    0.000000] Kernel command line: BOOT_IMAGE=/boot/vmlinuz-4.4.0-72-generic root=UUID=51c5cf2e-3afd-4d38-a695-6d0b43c15355 ro console=tty1 console=ttyS0
[    0.000000] PID hash table entries: 4096 (order: 2, 16384 bytes)
[    0.000000] Dentry cache hash table entries: 131072 (order: 7, 524288 bytes)
[    0.000000] Inode-cache hash table entries: 65536 (order: 6, 262144 bytes)
[    0.000000] Initializing CPU#0
[    0.000000] Initializing HighMem for node 0 (00037bfe:0003fff0)
[    0.000000] Initializing Movable for node 0 (00000000:00000000)
[    0.000000] Memory: 1008336K/1048120K available (7930K kernel code, 770K rwdata, 3160K rodata, 940K init, 800K bss, 39784K reserved, 0K cma-reserved, 135112K highmem)
[    0.000000] virtual kernel memory layout:
[    0.000000]     fixmap  : 0xfff15000 - 0xfffff000   ( 936 kB)
[    0.000000]     pkmap   : 0xffc00000 - 0xffe00000   (2048 kB)
[    0.000000]     vmalloc : 0xf83fe000 - 0xffbfe000   ( 120 MB)
[    0.000000]     lowmem  : 0xc0000000 - 0xf7bfe000   ( 891 MB)
[    0.000000]       .init : 0xc1b99000 - 0xc1c84000   ( 940 kB)
[    0.000000]       .data : 0xc17bed0b - 0xc1b97a00   (3939 kB)
[    0.000000]       .text : 0xc1000000 - 0xc17bed0b   (7931 kB)
[    0.000000] Checking if this processor honours the WP bit even in supervisor mode...Ok.
[    0.000000] SLUB: HWalign=64, Order=0-3, MinObjects=0, CPUs=2, Nodes=1
[    0.000000] Hierarchical RCU implementation.
[    0.000000] 	Build-time adjustment of leaf fanout to 32.
[    0.000000] 	RCU restricting CPUs from NR_CPUS=8 to nr_cpu_ids=2.
[    0.000000] RCU: Adjusting geometry for rcu_fanout_leaf=32, nr_cpu_ids=2
[    0.000000] NR_IRQS:2304 nr_irqs:440 16
[    0.000000] Console: colour VGA+ 80x25
[    0.000000] console [tty1] enabled
[    0.000000] console [ttyS0] enabled
[    0.000000] allocated 1048576 bytes of page_ext
[    0.000000] tsc: Detected 2593.994 MHz processor
[    6.653693] Calibrating delay loop (skipped) preset value.. 5187.98 BogoMIPS (lpj=10375976)
[    6.779920] pid_max: default: 32768 minimum: 301
[    6.851760] ACPI: Core revision 20150930
[    6.905415] ACPI: 2 ACPI AML tables successfully acquired and loaded
[    6.968285] Security Framework initialized
[    7.028514] Yama: becoming mindful.
[    7.083814] AppArmor: AppArmor initialized
[    7.160839] Mount-cache hash table entries: 2048 (order: 1, 8192 bytes)
[    7.250146] Mountpoint-cache hash table entries: 2048 (order: 1, 8192 bytes)
[    7.361262] Initializing cgroup subsys io
[    7.395869] Initializing cgroup subsys memory
[    7.401255] Initializing cgroup subsys devices
[    7.406937] Initializing cgroup subsys freezer
[    7.410323] Initializing cgroup subsys net_cls
[    7.438153] Initializing cgroup subsys perf_event
[    7.443669] Initializing cgroup subsys net_prio
[    7.447512] Initializing cgroup subsys hugetlb
[    7.456014] Initializing cgroup subsys pids
[    7.464407] CPU: Physical Processor ID: 0
[    7.487351] CPU: Processor Core ID: 0
[    7.522402] mce: CPU supports 0 MCE banks
[    7.552155] Last level iTLB entries: 4KB 64, 2MB 8, 4MB 8
[    7.574102] Last level dTLB entries: 4KB 64, 2MB 0, 4MB 0, 1GB 4
[    7.673372] Freeing SMP alternatives memory: 28K (c1c84000 - c1c8b000)
[    7.806627] ftrace: allocating 31396 entries in 62 pages
[    8.027177] smpboot: APIC(0) Converting physical 0 to logical package 0
[    8.128193] smpboot: Max logical packages: 1
[    8.160021] Enabling APIC mode:  Flat.  Using 1 I/O APICs
[    8.259429] ..TIMER: vector=0x30 apic1=0 pin1=2 apic2=-1 pin2=-1
[    8.462561] smpboot: CPU0: Intel(R) Core(TM) i7-5600U CPU @ 2.60GHz (family: 0x6, model: 0x3d, stepping: 0x4)
[    8.560806] Performance Events: unsupported p6 CPU model 61 no PMU driver, software events only.
[    8.582090] KVM setup paravirtual spinlock
[    8.589786] x86: Booting SMP configuration:
[    8.614940] .... node  #0, CPUs:      #1
[1266874884.985413] Initializing CPU#1
[    8.642110] kvm-clock: cpu 1, msr 0:37bfd041, secondary cpu clock
[    8.666873] mce: CPU supports 0 MCE banks
[    8.677843] x86: Booted up 1 node, 2 CPUs
[    8.690643] smpboot: Total of 2 processors activated (10375.97 BogoMIPS)
[    8.710162] devtmpfs: initialized
[    8.724738] evm: security.selinux
[    8.733940] evm: security.SMACK64
[    8.754269] evm: security.SMACK64EXEC
[    8.768326] evm: security.SMACK64TRANSMUTE
[    8.817626] evm: security.SMACK64MMAP
[    8.853222] evm: security.ima
[    8.889755] evm: security.capability
[    8.932937] clocksource: jiffies: mask: 0xffffffff max_cycles: 0xffffffff, max_idle_ns: 7645041785100000 ns
[    9.045400] pinctrl core: initialized pinctrl subsystem
[    9.138395] RTC time: 21:16:10, date: 04/10/17
[    9.143659] NET: Registered protocol family 16
[    9.187262] EISA bus registered
[    9.243036] cpuidle: using governor ladder
[    9.331444] cpuidle: using governor menu
[    9.374445] PCCT header not found.
[    9.410875] ACPI: bus type PCI registered
[    9.454763] acpiphp: ACPI Hot Plug PCI Controller Driver version: 0.5
[    9.541563] PCI : PCI BIOS area is rw and x. Use pci=nobios if you want it NX.
[    9.634320] PCI: PCI BIOS revision 2.10 entry at 0xfda26, last bus=0
[    9.711218] PCI: Using configuration type 1 for base access
[    9.769790] ACPI: Added _OSI(Module Device)
[    9.782130] ACPI: Added _OSI(Processor Device)
[    9.786049] ACPI: Added _OSI(3.0 _SCP Extensions)
[    9.820110] ACPI: Added _OSI(Processor Aggregator Device)
[    9.831725] ACPI: Executed 1 blocks of module-level executable AML code
[    9.865503] ACPI: Interpreter enabled
[    9.896930] ACPI: (supports S0 S5)
[    9.921315] ACPI: Using IOAPIC for interrupt routing
[    9.952374] PCI: Using host bridge windows from ACPI; if necessary, use "pci=nocrs" and report a bug
[   10.012012] ACPI: PCI Root Bridge [PCI0] (domain 0000 [bus 00-ff])
[   10.083121] acpi PNP0A03:00: _OSC: OS supports [ASPM ClockPM Segments MSI]
[   10.146836] acpi PNP0A03:00: _OSC failed (AE_NOT_FOUND); disabling ASPM
[   10.252185] acpi PNP0A03:00: fail to add MMCONFIG information, can't access extended PCI configuration space under this bridge.
[   10.379530] PCI host bridge to bus 0000:00
[   10.428584] pci_bus 0000:00: root bus resource [io  0x0000-0x0cf7 window]
[   10.504329] pci_bus 0000:00: root bus resource [io  0x0d00-0xffff window]
[   10.580408] pci_bus 0000:00: root bus resource [mem 0x000a0000-0x000bffff window]
[   10.680852] pci_bus 0000:00: root bus resource [mem 0x40000000-0xffdfffff window]
[   10.698350] pci_bus 0000:00: root bus resource [bus 00-ff]
[   10.771991] pci 0000:00:01.1: legacy IDE quirk: reg 0x10: [io  0x01f0-0x01f7]
[   10.813294] pci 0000:00:01.1: legacy IDE quirk: reg 0x14: [io  0x03f6]
[   10.909642] pci 0000:00:01.1: legacy IDE quirk: reg 0x18: [io  0x0170-0x0177]
[   10.973877] pci 0000:00:01.1: legacy IDE quirk: reg 0x1c: [io  0x0376]
[   11.061547] pci 0000:00:07.0: quirk: [io  0x4000-0x403f] claimed by PIIX4 ACPI
[   11.096793] pci 0000:00:07.0: quirk: [io  0x4100-0x410f] claimed by PIIX4 SMB
[   11.156229] ACPI: PCI Interrupt Link [LNKA] (IRQs 5 9 10 *11)
[   11.235072] ACPI: PCI Interrupt Link [LNKB] (IRQs 5 9 10 *11)
[   11.307847] ACPI: PCI Interrupt Link [LNKC] (IRQs 5 9 *10 11)
[   11.370145] ACPI: PCI Interrupt Link [LNKD] (IRQs 5 *9 10 11)
[   11.404567] ACPI: Enabled 2 GPEs in block 00 to 07
[   11.466511] vgaarb: setting as boot device: PCI:0000:00:02.0
[   11.515851] vgaarb: device added: PCI:0000:00:02.0,decodes=io+mem,owns=io+mem,locks=none
[   11.623660] vgaarb: loaded
[   11.657700] vgaarb: bridge control possible 0000:00:02.0
[   11.720804] SCSI subsystem initialized
[   11.762430] ACPI: bus type USB registered
[   11.809441] usbcore: registered new interface driver usbfs
[   11.846604] usbcore: registered new interface driver hub
[   11.872576] usbcore: registered new device driver usb
[   11.877723] PCI: Using ACPI for IRQ routing
[   11.889709] NetLabel: Initializing
[   11.906969] NetLabel:  domain hash size = 128
[   11.914522] NetLabel:  protocols = UNLABELED CIPSOv4
[   11.948392] NetLabel:  unlabeled traffic allowed by default
[   11.988598] amd_nb: Cannot enumerate AMD northbridges
[   12.035588] clocksource: Switched to clocksource kvm-clock
[   12.083691] AppArmor: AppArmor Filesystem Enabled
[   12.154206] pnp: PnP ACPI init
[   12.164679] pnp: PnP ACPI: found 3 devices
[   12.175819] PnPBIOS: Disabled by ACPI PNP
[   12.245854] clocksource: acpi_pm: mask: 0xffffff max_cycles: 0xffffff, max_idle_ns: 2085701024 ns
[   12.259905] NET: Registered protocol family 2
[   12.293051] TCP established hash table entries: 8192 (order: 3, 32768 bytes)
[   12.326786] TCP bind hash table entries: 8192 (order: 4, 65536 bytes)
[   12.466351] TCP: Hash tables configured (established 8192 bind 8192)
[   12.604475] UDP hash table entries: 512 (order: 2, 16384 bytes)
[   12.695591] UDP-Lite hash table entries: 512 (order: 2, 16384 bytes)
[   12.839776] NET: Registered protocol family 1
[   12.946508] pci 0000:00:00.0: Limiting direct PCI/PCI transfers
[   13.063502] pci 0000:00:01.0: Activating ISA DMA hang workarounds
[   13.180829] Unpacking initramfs...
[   14.205811] Freeing initrd memory: 14632K (f635c000 - f71a6000)
[   14.293571] RAPL PMU detected, API unit is 2^-32 Joules, 4 fixed counters 10737418240 ms ovfl timer
[   14.396799] hw unit of domain pp0-core 2^-0 Joules
[   14.459369] hw unit of domain package 2^-0 Joules
[   14.534963] hw unit of domain dram 2^-0 Joules
[   14.550344] hw unit of domain pp1-gpu 2^-0 Joules
[   14.560104] platform rtc_cmos: registered platform RTC device (no PNP device found)
[   14.567889] Scanning for low memory corruption every 60 seconds
[   14.590710] futex hash table entries: 512 (order: 3, 32768 bytes)
[   14.600975] audit: initializing netlink subsys (disabled)
[   14.614518] audit: type=2000 audit(1491858971.438:1): initialized
[   14.621502] Initialise system trusted keyring
[   14.632904] HugeTLB registered 2 MB page size, pre-allocated 0 pages
[   14.662959] zbud: loaded
[   14.673521] VFS: Disk quotas dquot_6.6.0
[   14.705478] VFS: Dquot-cache hash table entries: 1024 (order 0, 4096 bytes)
[   14.741403] squashfs: version 4.0 (2009/01/31) Phillip Lougher
[   14.815198] fuse init (API version 7.23)
[   14.909802] Key type big_key registered
[   14.992443] Allocating IMA MOK and blacklist keyrings.
[   15.116271] Key type asymmetric registered
[   15.172831] Asymmetric key parser 'x509' registered
[   15.221362] bounce: pool size: 64 pages
[   15.268735] Block layer SCSI generic (bsg) driver version 0.4 loaded (major 249)
[   15.366953] io scheduler noop registered
[   15.407309] io scheduler deadline registered (default)
[   15.461808] io scheduler cfq registered
[   15.472230] pci_hotplug: PCI Hot Plug PCI Core version: 0.5
[   15.534098] pciehp: PCI Express Hot Plug Controller Driver version: 0.4
[   15.569269] clocksource: tsc: mask: 0xffffffffffffffff max_cycles: 0x256412811b4, max_idle_ns: 440795306987 ns
[   15.636445] ACPI: AC Adapter [AC] (on-line)
[   15.642451] input: Power Button as /devices/LNXSYSTM:00/LNXPWRBN:00/input/input0
[   15.649942] ACPI: Power Button [PWRF]
[   15.657613] input: Sleep Button as /devices/LNXSYSTM:00/LNXSLPBN:00/input/input1
[   15.714235] ACPI: Sleep Button [SLPF]
[   15.734853] GHES: HEST is not enabled!
[   15.739043] ACPI: Battery Slot [BAT0] (battery present)
[   15.776147] isapnp: Scanning for PnP cards...
[   15.796379] Serial: 8250/16550 driver, 32 ports, IRQ sharing enabled
[   15.859424] 00:02: ttyS0 at I/O 0x3f8 (irq = 4, base_baud = 115200) is a 16550A
[   15.897640] Linux agpgart interface v0.103
[   15.912429] loop: module loaded
[   15.944598] scsi host0: ata_piix
[   15.949926] scsi host1: ata_piix
[   15.963389] ata1: PATA max UDMA/33 cmd 0x1f0 ctl 0x3f6 bmdma 0xd000 irq 14
[   15.990432] ata2: PATA max UDMA/33 cmd 0x170 ctl 0x376 bmdma 0xd008 irq 15
[   15.999114] libphy: Fixed MDIO Bus: probed
[   16.011432] tun: Universal TUN/TAP device driver, 1.6
[   16.015614] tun: (C) 1999-2004 Max Krasnyansky <maxk@qualcomm.com>
[   16.035553] PPP generic driver version 2.4.2
[   16.047457] ehci_hcd: USB 2.0 'Enhanced' Host Controller (EHCI) Driver
[   16.060154] ehci-pci: EHCI PCI platform driver
[   16.094291] ehci-platform: EHCI generic platform driver
[   16.102795] ohci_hcd: USB 1.1 'Open' Host Controller (OHCI) Driver
[   16.116471] ohci-pci: OHCI PCI platform driver
[   16.130075] ohci-platform: OHCI generic platform driver
[   16.143787] uhci_hcd: USB Universal Host Controller Interface driver
[   16.150249] i8042: PNP: PS/2 Controller [PNP0303:PS2K,PNP0f03:PS2M] at 0x60,0x64 irq 1,12
[   16.179174] serio: i8042 KBD port at 0x60,0x64 irq 1
[   16.197570] serio: i8042 AUX port at 0x60,0x64 irq 12
[   16.203199] mousedev: PS/2 mouse device common for all mice
[   16.217174] rtc_cmos rtc_cmos: rtc core: registered rtc_cmos as rtc0
[   16.227413] rtc_cmos rtc_cmos: alarms up to one day, 114 bytes nvram
[   16.232686] i2c /dev entries driver
[   16.236521] device-mapper: uevent: version 1.0.3
[   16.245496] isapnp: No Plug & Play device found
[   16.331540] input: AT Translated Set 2 keyboard as /devices/platform/i8042/serio0/input/input2
[   16.446905] device-mapper: ioctl: 4.34.0-ioctl (2015-10-28) initialised: dm-devel@redhat.com
[   16.655042] platform eisa.0: Probing EISA bus 0
[   16.717363] platform eisa.0: EISA: Cannot allocate resource for mainboard
[   16.729060] platform eisa.0: Cannot allocate resource for EISA slot 1
[   16.789173] platform eisa.0: Cannot allocate resource for EISA slot 2
[   16.851640] platform eisa.0: Cannot allocate resource for EISA slot 3
[   16.889856] platform eisa.0: Cannot allocate resource for EISA slot 4
[   16.953753] platform eisa.0: Cannot allocate resource for EISA slot 5
[   17.029733] platform eisa.0: Cannot allocate resource for EISA slot 6
[   17.113722] platform eisa.0: Cannot allocate resource for EISA slot 7
[   17.159004] platform eisa.0: Cannot allocate resource for EISA slot 8
[   17.193884] platform eisa.0: EISA: Detected 0 cards
[   17.200916] cpufreq-nforce2: No nForce2 chipset.
[   17.204973] ledtrig-cpu: registered to indicate activity on CPUs
[   17.211201] NET: Registered protocol family 10
[   17.252150] NET: Registered protocol family 17
[   17.270427] Key type dns_resolver registered
[   17.340020] microcode: CPU0 sig=0x306d4, pf=0x40, revision=0x0
[   17.387962] microcode: CPU1 sig=0x306d4, pf=0x40, revision=0x0
[   17.479572] microcode: Microcode Update Driver: v2.01 <tigran@aivazian.fsnet.co.uk>, Peter Oruba
[   17.644218] Using IPI No-Shortcut mode
[   17.665363] registered taskstats version 1
[   17.717201] Loading compiled-in X.509 certificates
[   17.784280] Loaded X.509 cert 'Build time autogenerated kernel key: 3cb92b22054f9a517a2a4c6457de97d88531dff7'
[   17.906638] zswap: loaded using pool lzo/zbud
[   17.964278] Key type trusted registered
[   18.019249] Key type encrypted registered
[   18.067037] AppArmor: AppArmor sha1 policy hashing enabled
[   18.132293] ima: No TPM chip found, activating TPM-bypass!
[   18.205460] evm: HMAC attrs: 0x1
[   18.235769]   Magic number: 13:685:297
[   18.279136] rtc_cmos rtc_cmos: setting system clock to 2017-04-10 21:16:20 UTC (1491858980)
[   18.375421] BIOS EDD facility v0.16 2004-Jun-25, 0 devices found
[   18.402704] EDD information not available.
[   18.409941] Freeing unused kernel memory: 940K (c1b99000 - c1c84000)
[   18.424713] Write protecting the kernel text: 7932k
[   18.434703] Write protecting the kernel read-only data: 3168k
[   18.460619] NX-protecting the kernel data: 6404k
Loading, please wait...
starting version 229
[   18.522275] random: systemd-udevd: uninitialized urandom read (16 bytes read, 2 bits of entropy available)
[   18.523506] random: udevadm: uninitialized urandom read (16 bytes read, 2 bits of entropy available)
[   18.523946] random: udevadm: uninitialized urandom read (16 bytes read, 2 bits of entropy available)
[   18.524668] random: udevadm: uninitialized urandom read (16 bytes read, 2 bits of entropy available)
[   18.524927] random: udevadm: uninitialized urandom read (16 bytes read, 2 bits of entropy available)
[   18.525159] random: udevadm: uninitialized urandom read (16 bytes read, 2 bits of entropy available)
[   18.525419] random: udevadm: uninitialized urandom read (16 bytes read, 2 bits of entropy available)
[   18.525719] random: udevadm: uninitialized urandom read (16 bytes read, 2 bits of entropy available)
[   18.525959] random: udevadm: uninitialized urandom read (16 bytes read, 2 bits of entropy available)
[   18.526245] random: udevadm: uninitialized urandom read (16 bytes read, 2 bits of entropy available)
[   19.284432] e1000: Intel(R) PRO/1000 Network Driver - version 7.3.21-k8-NAPI
[   19.296462] e1000: Copyright (c) 1999-2006 Intel Corporation.
[   19.303127] Fusion MPT base driver 3.04.20
[   19.308966] Copyright (c) 1999-2008 LSI Corporation
[   19.399421] Fusion MPT SPI Host driver 3.04.20
[   19.613989] input: ImExPS/2 Generic Explorer Mouse as /devices/platform/i8042/serio1/input/input4
[   20.082047] e1000 0000:00:03.0 eth0: (PCI:33MHz:32-bit) 02:ba:9d:25:04:86
[   20.194284] e1000 0000:00:03.0 eth0: Intel(R) PRO/1000 Network Connection
[   20.241685] mptbase: ioc0: Initiating bringup
[   20.242423] e1000 0000:00:03.0 enp0s3: renamed from eth0
[   20.405268] ioc0: LSI53C1030 A0: Capabilities={Initiator}
[   20.702387] scsi host2: ioc0: LSI53C1030 A0, FwRev=00000000h, Ports=1, MaxQ=256, IRQ=20
[   20.868941] scsi 2:0:0:0: Direct-Access     VBOX     HARDDISK         1.0  PQ: 0 ANSI: 5
[   20.888406] scsi target2:0:0: Beginning Domain Validation
[   20.906651] scsi target2:0:0: Domain Validation skipping write tests
[   20.922749] scsi target2:0:0: Ending Domain Validation
[   20.962127] scsi target2:0:0: asynchronous
[   21.022505] scsi 2:0:1:0: Direct-Access     VBOX     HARDDISK         1.0  PQ: 0 ANSI: 5
[   21.135256] scsi target2:0:1: Beginning Domain Validation
[   21.281550] scsi target2:0:1: Domain Validation skipping write tests
[   21.435300] scsi target2:0:1: Ending Domain Validation
[   21.526686] scsi target2:0:1: asynchronous
[   21.609695] sd 2:0:0:0: Attached scsi generic sg0 type 0
[   21.610540] sd 2:0:0:0: [sda] 20971520 512-byte logical blocks: (10.7 GB/10.0 GiB)
[   21.610917] sd 2:0:0:0: [sda] Write Protect is off
[   21.611168] sd 2:0:0:0: [sda] Incomplete mode parameter data
[   21.611171] sd 2:0:0:0: [sda] Assuming drive cache: write through
[   21.671145]  sda: sda1
[   21.673411] sd 2:0:0:0: [sda] Attached SCSI disk
[   22.025511] sd 2:0:1:0: [sdb] 20480 512-byte logical blocks: (10.5 MB/10.0 MiB)
[   22.041171] sd 2:0:1:0: Attached scsi generic sg1 type 0
[   22.042298] sd 2:0:1:0: [sdb] Write Protect is off
[   22.042763] sd 2:0:1:0: [sdb] Incomplete mode parameter data
[   22.042766] sd 2:0:1:0: [sdb] Assuming drive cache: write through
[   22.050636] sd 2:0:1:0: [sdb] Attached SCSI disk
[   22.291996] floppy0: no floppy controllers found
[   22.407743] work still pending
Begin: Loading essential drivers ... [   24.690912] md: linear personality registered for level -1
[   24.768696] md: multipath personality registered for level -4
[   24.797657] md: raid0 personality registered for level 0
[   24.866667] md: raid1 personality registered for level 1
[   24.996805] raid6: mmxx1    gen()  1210 MB/s
[   25.080729] raid6: mmxx2    gen()  1187 MB/s
[   25.163780] raid6: sse1x1   gen()   867 MB/s
[   25.248213] raid6: sse1x2   gen()  1345 MB/s
[   25.356176] raid6: sse2x1   gen()  2255 MB/s
[   25.444428] raid6: sse2x1   xor()  1626 MB/s
[   25.527718] raid6: sse2x2   gen()  2621 MB/s
[   25.607899] raid6: sse2x2   xor()  1627 MB/s
[   25.624612] raid6: using algorithm sse2x2 gen() 2621 MB/s
[   25.635893] raid6: .... xor() 1627 MB/s, rmw enabled
[   25.653829] raid6: using ssse3x1 recovery algorithm
[   25.677554] xor: automatically using best checksumming function:
[   25.735911]    avx       :  4772.000 MB/sec
[   25.762790] async_tx: api initialized (async)
[   25.862287] md: raid6 personality registered for level 6
[   25.916976] md: raid5 personality registered for level 5
[   25.953679] md: raid4 personality registered for level 4
[   26.005012] md: raid10 personality registered for level 10
done.
Begin: Running /scripts/init-premount ... done.
Begin: Mounting root file system ... Begin: Running /scripts/local-top ... done.
Begin: Running /scripts/local-premount ... [   26.208224] Btrfs loaded
Scanning for Btrfs filesystems
done.
Warning: fsck no[   26.314009] EXT4-fs (sda1): mounted filesystem with ordered data mode. Opts: (null)
t present, so skipping root file system
done.
Begin: Running /scripts/local-bottom ... done.
Begin: Running /scripts/init-bottom ... done.
[   26.718910] systemd[1]: systemd 229 running in system mode. (+PAM +AUDIT +SELINUX +IMA +APPARMOR +SMACK +SYSVINIT +UTMP +LIBCRYPTSETUP +GCRYPT +GNUTLS +ACL +XZ -LZ4 +SECCOMP +BLKID +ELFUTILS +KMOD -IDN)
[   26.843464] systemd[1]: Detected virtualization oracle.
[   26.884403] systemd[1]: Detected architecture x86.

Welcome to [1mUbuntu 16.04.1 LTS[0m!

[   26.937136] systemd[1]: Set hostname to <ubuntu-xenial>.
[   27.287447] systemd[1]: Created slice User and Session Slice.
[[0;32m  OK  [0m] Created slice User and Session Slice.
[   27.308537] systemd[1]: Listening on Journal Socket (/dev/log).
[[0;32m  OK  [0m] Listening on Journal Socket (/dev/log).
[   27.359451] systemd[1]: Listening on Journal Socket.
[[0;32m  OK  [0m] Listening on Journal Socket.
[   27.409635] systemd[1]: Listening on udev Control Socket.
[[0;32m  OK  [0m] Listening on udev Control Socket.
[   27.456459] systemd[1]: Set up automount Arbitrary Executable File Formats File System Automount Point.
[[0;32m  OK  [0m] Set up automount Arbitrary Executab...ats File System Automount Point.
[   27.536470] systemd[1]: Reached target Encrypted Volumes.
[[0;32m  OK  [0m] Reached target Encrypted Volumes.
[   27.664662] systemd[1]: Listening on udev Kernel Socket.
[[0;32m  OK  [0m] Listening on udev Kernel Socket.
[   27.773112] systemd[1]: Listening on LVM2 metadata daemon socket.
[[0;32m  OK  [0m] Listening on LVM2 metadata daemon socket.
[   27.912371] systemd[1]: Listening on LVM2 poll daemon socket.
[[0;32m  OK  [0m] Listening on LVM2 poll daemon socket.
[   28.016257] systemd[1]: Started Forward Password Requests to Wall Directory Watch.
[[0;32m  OK  [0m] Started Forward Password Requests to Wall Directory Watch.
[   28.071446] systemd[1]: Created slice System Slice.
[[0;32m  OK  [0m] Created slice System Slice.
[   28.120481] random: nonblocking pool is initialized
[   28.148709] systemd[1]: Mounting Huge Pages File System...
         Mounting Huge Pages File System...
[   28.180069] systemd[1]: Starting Set console keymap...
         Starting Set console keymap...
[   28.248169] systemd[1]: Starting Load Kernel Modules...
         Starting Load Kernel Modules...
[   28.271014] systemd[1]: Starting Uncomplicated firewall...
         Starting Uncomplicated firewall...
[   28.312564] systemd[1]: Listening on /dev/initctl Compatibility Named Pipe.
[   28.332986] Loading iSCSI transport class v2.0-870.
[[0;32m  OK  [0m] Listening on /dev/initctl Compatibility Name[   28.418548] iscsi: registered transport (tcp)
d Pipe.
[   28.440322] systemd[1]: Reached target Swap.
[[0;32m  OK  [0m] Reached target Swap.
[   28.468405] systemd[1]: Listening on Journal Audit Socket.
[[0;32m  OK  [0m] Listening on Journal Audit Socket.
[   28.572256] systemd[1]: Starting Remount Root and Kernel File Systems...
         Starting Remount Root and Kernel File Systems...
[   28.632445] systemd[1]: Listening on Device-mapper event daemon FIFOs.
[   28.651028] EXT4-fs (sda1): re-mounted. Opts: (null)
[[0;32m  OK  [0m] Listening on Device-mapper ev[   28.715476] iscsi: registered transport (iser)
ent daemon FIFOs.
[   28.756519] systemd[1]: Starting Create list of required static device nodes for the current kernel...
         Starting Create list of required st... nodes for the current kernel...
[   28.860488] systemd[1]: Starting Monitoring of LVM2 mirrors, snapshots etc. using dmeventd or progress polling...
         Starting Monitoring of LVM2 mirrors... dmeventd or progress polling...
[   28.974721] systemd[1]: Reached target User and Group Name Lookups.
[[0;32m  OK  [0m] Reached target User and Group Name Lookups.
[   29.099981] systemd[1]: Mounting POSIX Message Queue File System...
         Mounting POSIX Message Queue File System...
[   29.176874] systemd[1]: Starting Nameserver information manager...
         Starting Nameserver information manager...
[   29.270775] systemd[1]: Mounting Debug File System...
         Mounting Debug File System...
[   29.284450] systemd[1]: Reached target Slices.
[[0;32m  OK  [0m] Reached target Slices.
[   29.323702] systemd[1]: Created slice system-serial\x2dgetty.slice.
[[0;32m  OK  [0m] Created slice system-serial\x2dgetty.slice.
[   29.382285] systemd[1]: Listening on Syslog Socket.
[[0;32m  OK  [0m] Listening on Syslog Socket.
[   29.516847] systemd[1]: Starting Journal Service...
         Starting Journal Service...
[   29.582386] systemd[1]: Mounted Huge Pages File System.
[[0;32m  OK  [0m] Mounted Huge Pages File System.
[   29.649063] systemd[1]: Mounted POSIX Message Queue File System.
[[0;32m  OK  [0m] Mounted POSIX Message Queue File System.
[   29.716663] systemd[1]: Mounted Debug File System.
[[0;32m  OK  [0m] Mounted Debug File System.
[   29.788972] systemd[1]: Started Journal Service.
[[0;32m  OK  [0m] Started Journal Service.
[[0;32m  OK  [0m] Started Set console keymap.
[[0;32m  OK  [0m] Started Load Kernel Modules.
[[0;32m  OK  [0m] Started Uncomplicated firewall.
[[0;32m  OK  [0m] Started Remount Root and Kernel File Systems.
[[0;32m  OK  [0m] Started Create list of required sta...ce nodes for the current kernel.
[[0;32m  OK  [0m] Started Nameserver information manager.
[[0;32m  OK  [0m] Started LVM2 metadata daemon.
         Starting Create Static Device Nodes in /dev...
         Starting Initial cloud-init job (pre-networking)...
         Starting udev Coldplug all Devices...
         Starting Load/Save Random Seed...
         Starting Apply Kernel Variables...
         Mounting FUSE Control File System...
         Starting Flush Journal to Persistent Storage...
[[0;32m  OK  [0m] Mounted FUSE Control File System.
[[0;32m  OK  [0m] Started Create Static Device Nodes in /dev.
[[0;32m  OK  [0m] Started Load/Save Random Seed.
[[0;32m  OK  [0m] Started Apply Kernel Variables.
[[0;32m  OK  [0m] Started udev Coldplug all Devices.
[[0;32m  OK  [0m] Started Monitoring of LVM2 mirrors,...ng dmeventd or progress polling.
[[0;32m  OK  [0m] Started Flush Journal to Persistent Storage.
         Starting udev Kernel Device Manager...
[[0;32m  OK  [0m] Started udev Kernel Device Manager.
[[0;32m  OK  [0m] Reached target Local File Systems (Pre).
[[0;32m  OK  [0m] Reached target Local File Systems.
         Starting LSB: AppArmor initialization...
         Starting Create Volatile Files and Directories...
         Starting Set console font and keymap...
         Starting Tell Plymouth To Write Out Runtime Data...
[[0;32m  OK  [0m] Started Dispatch Password Requests to Console Directory Watch.
[[0;32m  OK  [0m] Started Create Volatile Files and Directories.
[[0;32m  OK  [0m] Started Tell Plymouth To Write Out Runtime Data.
         Starting Update UTMP about System Boot/Shutdown...
[[0;32m  OK  [0m] Reached target System Time Synchronized.
[[0;32m  OK  [0m] Started LSB: AppArmor initialization.
[[0;32m  OK  [0m] Started Update UTMP about System Boot/Shutdown.
[[0;32m  OK  [0m] Found device /dev/ttyS0.
[[0;32m  OK  [0m] Found device 82540EM Gigabit Ethern...r (PRO/1000 MT Desktop Adapter).
[   37.075990] irq 18: nobody cared (try booting with the "irqpoll" option)
[   37.076246] handlers:
[   37.076262] [<f865e350>] vbox_irq_handler [vboxvideo]
[   37.076263] Disabling IRQ #18
[[0;32m  OK  [0m] Listening on Load/Save RF Kill Switch Status /dev/rfkill Watch.
[[0;32m  OK  [0m] Started Set console font and keymap.
[[0;32m  OK  [0m] Created slice system-getty.slice.
[   26.569709] cloud-init[442]: Cloud-init v. 0.7.8 running 'init-local' at Mon, 10 Apr 2017 21:16:36 +0000. Up 23.07 seconds.
[[0;32m  OK  [0m] Started Initial cloud-init job (pre-networking).
[[0;32m  OK  [0m] Reached target Network (Pre).
[[0;32m  OK  [0m] Started ifup for enp0s3.
         Starting Raise network interfaces...
[[0;32m  OK  [0m] Started Raise network interfaces.
         Starting Initial cloud-init job (metadata service crawler)...
[[0;32m  OK  [0m] Reached target Network.
[   29.384290] cloud-init[953]: Cloud-init v. 0.7.8 running 'init' at Mon, 10 Apr 2017 21:16:41 +0000. Up 28.46 seconds.
[   29.394025] cloud-init[953]: ci-info: +++++++++++++++++++++++++++++++++++++Net device info+++++++++++++++++++++++++++++++++++++
[   29.404835] cloud-init[953]: ci-info: +--------+------+---------------------------+---------------+-------+-------------------+
[   29.420743] cloud-init[953]: ci-info: | Device |  Up  |          Address          |      Mask     | Scope |     Hw-Address    |
[   29.455265] cloud-init[953]: ci-info: +--------+------+---------------------------+---------------+-------+-------------------+
[   29.473355] cloud-init[953]: ci-info: |   lo   | True |         127.0.0.1         |   255.0.0.0   |   .   |         .         |
[[0;32m  OK  [0m[   29.588779] cloud-init[953]: ci-info: |   lo   | True |          ::1/128          |       .       |  host |         .         |
[   29.589071] cloud-init[953]: ci-info: | enp0s3 | True |         10.0.2.15         | 255.255.255.0 |   .   | 02:ba:9d:25:04:86 |
[   29.589418] cloud-init[953]: ci-info: | enp0s3 | True | fe80::ba:9dff:fe25:486/64 |       .       |  link | 02:ba:9d:25:04:86 |
[   29.589671] cloud-init[953]: ci-info: +--------+------+---------------------------+---------------+-------+-------------------+
[   29.589918] cloud-init[953]: ci-info: +++++++++++++++++++++++++++Route IPv4 info++++++++++++++++++++++++++++
[   29.590255] cloud-init[953]: ci-info: +-------+-------------+----------+---------------+-----------+-------+
[   29.590518] cloud-init[953]: ci-info: | Route | Destination | Gateway  |    Genmask    | Interface | Flags |
[   29.590762] cloud-init[953]: ci-info: +-------+-------------+----------+---------------+-----------+-------+
[   29.591014] cloud-init[953]: ci-info: |   0   |   0.0.0.0   | 10.0.2.2 |    0.0.0.0    |   enp0s3  |   UG  |
[   29.591325] cloud-init[953]: ci-info: |   1   |   10.0.2.0  | 0.0.0.0  | 255.255.255.0 |   enp0s3  |   U   |
[   29.591573] cloud-init[953]: ci-info: +-------+-------------+----------+---------------+-----------+-------+
] Started Initial cloud-init job (metadata service crawler).
[[0;32m  OK  [0m] Reached target Network is Online.
         Starting iSCSI initiator daemon (iscsid)...
[[0;32m  OK  [0m] Reached target System Initialization.
[[0;32m  OK  [0m] Listening on ACPID Listen Socket.
[[0;32m  OK  [0m] Listening on D-Bus System Message Bus Socket.
[[0;32m  OK  [0m] Started ACPI Events Check.
[[0;32m  OK  [0m] Listening on UUID daemon activation socket.
[[0;32m  OK  [0m] Started Daily apt activities.
[[0;32m  OK  [0m] Started Daily Cleanup of Temporary Directories.
         Starting LXD - unix socket.
[[0;32m  OK  [0m] Started Trigger resolvconf update for networkd DNS.
[[0;32m  OK  [0m] Reached target Paths.
[[0;32m  OK  [0m] Started Timer to automatically refresh installed snaps.
[[0;32m  OK  [0m] Reached target Timers.
         Starting Socket activation for snappy daemon.
[[0;32m  OK  [0m] Reached target Cloud-config availability.
[[0;32m  OK  [0m] Listening on LXD - unix socket.
[[0;32m  OK  [0m] Listening on Socket activation for snappy daemon.
[[0;32m  OK  [0m] Started iSCSI initiator daemon (iscsid).
         Starting Login to default iSCSI targets...
[[0;32m  OK  [0m] Reached target Sockets.
[[0;32m  OK  [0m] Reached target Basic System.
[[0;32m  OK  [0m] Started D-Bus System Message Bus.
         Starting Accounts Service...
[[0;32m  OK  [0m] Started Snappy daemon.
         Starting Auto import assertions from block devices...
         Starting System Logging Service...
         Starting Apply the settings specified in cloud-config...
         Starting LSB: Record successful boot for GRUB...
[[0;32m  OK  [0m] Started Deferred execution scheduler.
[[0;32m  OK  [0m] Started ACPI event daemon.
[[0;32m  OK  [0m] Started FUSE filesystem for LXC.
[[0;32m  OK  [0m] Started Regular background program processing daemon.
         Starting Login Service...
         Starting LSB: MD monitoring daemon...
         Starting /etc/rc.local Compatibility...
         Starting OpenBSD Secure Shell server...
         Starting LXD - container startup/shutdown...
[[0;32m  OK  [0m] Started System Logging Service.
[[0;32m  OK  [0m] Started Auto import assertions from block devices.
[[0;32m  OK  [0m] Started /etc/rc.local Compatibility.
[[0;32m  OK  [0m] Started OpenBSD Secure Shell server.
[[0;32m  OK  [0m] Started Login to default iSCSI targets.
[[0;32m  OK  [0m] Started LXD - container startup/shutdown.
[[0;32m  OK  [0m] Started LSB: Record successful boot for GRUB.
[[0;32m  OK  [0m] Started LSB: MD monitoring daemon.
[[0;32m  OK  [0m] Started Login Service.
         Starting Authenticate and Authorize Users to Run Privileged Tasks...
[[0;32m  OK  [0m] Reached target Remote File Systems (Pre).
[[0;32m  OK  [0m] Reached target Remote File Systems.
         Starting LSB: automatic crash report generation...
         Starting LSB: No Display Manager...
         Starting LSB: daemon to balance interrupts for SMP systems...
         Starting Permit User Sessions...
         Starting LSB: VirtualBox Linux Additions...
         Starting LSB: Set the CPU Frequency Scaling governor to "ondemand"...
[[0;32m  OK  [0m] Started Permit User Sessions.
[[0;32m  OK  [0m] Started Authenticate and Authorize Users to Run Privileged Tasks.
[[0;32m  OK  [0m] Started Accounts Service.
[[0;32m  OK  [0m] Started LSB: No Display Manager.
[[0;32m  OK  [0m] Started LSB: automatic crash report generation.
         Starting Hold until boot process finishes up...
         Starting Terminate Plymouth Boot Screen...
[[0;32m  OK  [0m] Started LSB: Set the CPU Frequency Scaling governor to "ondemand".
[[0;32m  OK  [0m] Started Hold until boot process finishes up.
[[0;32m  OK  [0m] Started LSB: daemon to balance interrupts for SMP systems.
[[0;32m  OK  [0m] Started Terminate Plymouth Boot Screen.
         Starting Set console scheme...
[[0;32m  OK  [0m] Started Serial Getty on ttyS0.
[[0;32m  OK  [0m] Started Getty on tty1.
[[0;32m  OK  [0m] Reached target Login Prompts.
[[0;32m  OK  [0m] Started Set console scheme.
[[0;32m  OK  [0m] Started LSB: VirtualBox Linux Additions.
[[0;32m  OK  [0m] Reached target Multi-User System.
[[0;32m  OK  [0m] Reached target Graphical Interface.
         Starting Update UTMP about System Runlevel Changes...
[[0;32m  OK  [0m] Started Update UTMP about System Runlevel Changes.
[[0;32m  OK  [0m] Created slice User Slice of ubuntu.
         Starting User Manager for UID 1000...
[[0;32m  OK  [0m] Started Session c1 of user ubuntu.
[[0;32m  OK  [0m] Started User Manager for UID 1000.
[   33.967844] cloud-init[1025]: Cloud-init v. 0.7.8 running 'modules:config' at Mon, 10 Apr 2017 21:16:47 +0000. Up 33.60 seconds.
[[0;32m  OK  [0m] Started Apply the settings specified in cloud-config.
         Starting Execute cloud user/final scripts...
[   35.338148] cloud-init[1232]: Cloud-init v. 0.7.8 running 'modules:final' at Mon, 10 Apr 2017 21:16:48 +0000. Up 34.77 seconds.
[   35.354067] cloud-init[1232]: Cloud-init v. 0.7.8 finished at Mon, 10 Apr 2017 21:16:48 +0000. Datasource DataSourceNoCloud [seed=/dev/sdb][dsmode=net].  Up 35.30 seconds
[[0;32m  OK  [0m] Started Execute cloud user/final scripts.
[[0;32m  OK  [0m] Reached target Cloud-init target.

Ubuntu 16.04.1 LTS ubuntu-xenial ttyS0

ubuntu-xenial login:          Stopping Session 3 of user ubuntu.
         Stopping Authenticate and Authorize Users to Run Privileged Tasks...
         Stopping Session 6 of user ubuntu.
[[0;32m  OK  [0m] Stopped target e         Stopping OpenBSD Secure Shell server...
         Stopping LSB: VirtualBox Linux Additions...
         Stopping D-Bus System Message Bus...
         Stopping Snappy daemon...
         Stopping LSB: Set the CPU Frequency Scaling governor to "ondemand"...
[[0;32m  OK  [0m] Stopped Apply the settings specified in cloud-config.
         Stopping LSB: Record successful boot for GRUB...
[[0;32m  OK  [0m] Stopped target Cloud-config availability.
         Stopping Session c1 of user ubuntu.
[[0;32m  OK  [0m] Unmounted /var/lib/lxcfs.
[[0;32m  OK  [0m] Stopped Accounts Service.
[[0;32m  OK  [0m] Stopped Snappy daemon.
[[0;32m  OK  [0m] Stopped System Logging Service.
[[0;32m  OK  [0m] Stopped Deferred execution scheduler.
[[0;32m  OK  [0m] Stopped ACPI event daemon.
[[0;32m  OK  [0m] Stopped Regular background program processing daemon.
[[0;32m  OK  [0m] Stopped OpenBSD Secure Shell server.
[[0;32m  OK  [0m] Stopped Authenticate and Authorize Users to Run Privileged Tasks.
[[0;32m  OK  [0m] Stopped Serial Getty on ttyS0.
[[0;32m  OK  [0m] Stopped Getty on tty1.
[[0;32m  OK  [0m] Stopped User Manager for UID 1000.
[[0;32m  OK  [0m] Stopped Session 3 of user ubuntu.
[[0;32m  OK  [0m] Stopped Session 6 of user ubuntu.
[[0;32m  OK  [0m] Stopped D-Bus System Message Bus.
[[0;32m  OK  [0m] Stopped Session c1 of user ubuntu.
[[0;32m  OK  [0m] Stopped FUSE filesystem for LXC.
[[0;32m  OK  [0m] Stopped LXD - container startup/shutdown.
[[0;32m  OK  [0m] Stopped LSB: MD monitoring daemon.
[[0;32m  OK  [0m] Stopped LSB: automatic crash report generation.
[[0;32m  OK  [0m] Stopped LSB: Set the CPU Frequency Scaling governor to "ondemand".
[[0;32m  OK  [0m] Stopped LSB: Record successful boot for GRUB.
[[0;32m  OK  [0m] Stopped LSB: No Display Manager.
[[0;32m  OK  [0m] Stopped LSB: daemon to balance interrupts for SMP systems.
[[0;32m  OK  [0m] Stopped LSB: VirtualBox Linux Additions.
[[0;32m  OK  [0m] Removed slice User Slice of ubuntu.
         Stopping Login Service...
[[0;32m  OK  [0m] Removed slice system-getty.slice.
[[0;32m  OK  [0m] Stopped /etc/rc.local Compatibility.
         Stopping Permit User Sessions...
[[0;32m  OK  [0m] Removed slice system-serial\x2dgetty.slice.
[[0;32m  OK  [0m] Stopped Login Service.
[[0;32m  OK  [0m] Stopped Permit User Sessions.
[[0;32m  OK  [0m] Stopped target Remote File Systems.
[[0;32m  OK  [0m] Stopped target Remote File Systems (Pre).
         Stopping Login to default iSCSI targets...
[[0;32m  OK  [0m] Stopped target User and Group Name Lookups.
[[0;32m  OK  [0m] Stopped target Basic System.
[[0;32m  OK  [0m] Stopped target Paths.
[[0;32m  OK  [0m] Stopped ACPI Events Check.
[[0;32m  OK  [0m] Stopped Forward Password Requests to Wall Directory Watch.
[[0;32m  OK  [0m] Stopped Trigger resolvconf update for networkd DNS.
[[0;32m  OK  [0m] Stopped Dispatch Password Requests to Console Directory Watch.
[[0;32m  OK  [0m] Stopped target Sockets.
[[0;32m  OK  [0m] Closed D-Bus System Message Bus Socket.
[[0;32m  OK  [0m] Closed UUID daemon activation socket.
[[0;32m  OK  [0m] Closed Socket activation for snappy daemon.
[[0;32m  OK  [0m] Closed Syslog Socket.
[[0;32m  OK  [0m] Closed LXD - unix socket.
[[0;32m  OK  [0m] Closed ACPID Listen Socket.
[[0;32m  OK  [0m] Stopped target System Initialization.
[[0;32m  OK  [0m] Stopped target Encrypted Volumes.
         Stopping Load/Save Random Seed...
[[0;32m  OK  [0m] Stopped Create Volatile Files and Directories.
[[0;32m  OK  [0m] Stopped target Swap.
[[0;32m  OK  [0m] Stopped target Slices.
[[0;32m  OK  [0m] Removed slice User and Session Slice.
[[0;32m  OK  [0m] Stopped Load/Save Random Seed.
[[0;32m  OK  [0m] Stopped Login to default iSCSI targets.
         Stopping iSCSI initiator daemon (iscsid)...
[[0;32m  OK  [0m] Stopped iSCSI initiator daemon (iscsid).
[[0;32m  OK  [0m] Stopped target Network is Online.
[[0;32m  OK  [0m] Stopped Initial cloud-init job (metadata service crawler).
[[0;32m  OK  [0m] Stopped target Network.
         Stopping Raise network interfaces...
[[0;32m  OK  [0m] Stopped Raise network interfaces.
[[0;32m  OK  [0m] Stopped target Local File Systems.
         Starting Unattended Upgrades Shutdown...
         Unmounting /run/user/1000...
         Unmounting /vagrant...
[[0;32m  OK  [0m] Stopped target Network (Pre).
[[0;32m  OK  [0m] Stopped Initial cloud-init job (pre-networking).
[[0;32m  OK  [0m] Stopped Apply Kernel Variables.
[[0;32m  OK  [0m] Stopped Load Kernel Modules.
[[0;32m  OK  [0m] Unmounted /run/user/1000.
[[0;32m  OK  [0m] Unmounted /vagrant.
[[0;32m  OK  [0m] Reached target Unmount All Filesystems.
[[0;32m  OK  [0m] Stopped target Local File Systems (Pre).
[[0;32m  OK  [0m] Stopped Remount Root and Kernel File Systems.
[[0;32m  OK  [0m] Stopped Create Static Device Nodes in /dev.
         Stopping Monitoring of LVM2 mirrors... dmeventd or progress polling...
[[0;32m  OK  [0m] Started Unattended Upgrades Shutdown.
[[0;32m  OK  [0m] Stopped Monitoring of LVM2 mirrors,...ng dmeventd or progress polling.
         Stopping LVM2 metadata daemon...
[[0;32m  OK  [0m] Reached target Shutdown.
[ 8298.234006] reboot: Power down
